app/room/[code]/page.tsx(593,90): error TS2367: This comparison appears to be unintentional because the types '"night" | "day" | undefined' and '"highlighted"' have no overlap.
app/room/[code]/page.tsx(647,33): error TS2367: This comparison appears to be unintentional because the types '"night" | "day" | undefined' and '"highlighted"' have no overlap.
run_wolf_test.ts(8,10): error TS2540: Cannot assign to 'distributeRoles' because it is a read-only property.
